14:21:36 **** Incremental Build of configuration Debug for project DDS ****
make -j20 all 
arm-none-eabi-gcc "../Core/Src/main.c" -mcpu=cortex-m4 -std=gnu11 -g3 -DDEBUG -DUSE_HAL_DRIVER -DSTM32G474xx -c -I../Core/Inc -I../Drivers/STM32G4xx_HAL_Driver/Inc -I../Drivers/STM32G4xx_HAL_Driver/Inc/Legacy -I../Drivers/CMSIS/Device/ST/STM32G4xx/Include -I../Drivers/CMSIS/Include -O0 -ffunction-sections -fdata-sections -Wall -fstack-usage -fcyclomatic-complexity -MMD -MP -MF"Core/Src/main.d" -MT"Core/Src/main.o" --specs=nano.specs -mfpu=fpv4-sp-d16 -mfloat-abi=hard -mthumb -o "Core/Src/main.o"
arm-none-eabi-gcc -o "DDS.elf" @"objects.list"   -mcpu=cortex-m4 -T"C:\Users\lemon\STM32CubeIDE\workspace_1.17.0\DDS\STM32G474VETX_FLASH.ld" --specs=nosys.specs -Wl,-Map="DDS.map" -Wl,--gc-sections -static --specs=nano.specs -mfpu=fpv4-sp-d16 -mfloat-abi=hard -mthumb -Wl,--start-group -lc -lm -Wl,--end-group
Finished building target: DDS.elf
 
arm-none-eabi-size  DDS.elf 
arm-none-eabi-objdump -h -S DDS.elf  > "DDS.list"
   text	   data	    bss	    dec	    hex	filename
   8108	     12	   1668	   9788	   263c	DDS.elf
Finished building: default.size.stdout
 
Finished building: DDS.list
 

14:21:37 Build Finished. 0 errors, 0 warnings. (took 942ms)

