09:35:58 **** Incremental Build of configuration Debug for project Keyboard ****
make -j20 all 
arm-none-eabi-gcc "../Core/Src/main.c" -mcpu=cortex-m4 -std=gnu11 -g3 -DDEBUG -DUSE_HAL_DRIVER -DSTM32G474xx -c -I../Core/Inc -I../Drivers/STM32G4xx_HAL_Driver/Inc -I../Drivers/STM32G4xx_HAL_Driver/Inc/Legacy -I../Drivers/CMSIS/Device/ST/STM32G4xx/Include -I../Drivers/CMSIS/Include -O0 -ffunction-sections -fdata-sections -Wall -fstack-usage -fcyclomatic-complexity -MMD -MP -MF"Core/Src/main.d" -MT"Core/Src/main.o" --specs=nano.specs -mfpu=fpv4-sp-d16 -mfloat-abi=hard -mthumb -o "Core/Src/main.o"
../Core/Src/main.c: In function 'num_to_array':
../Core/Src/main.c:173:9: warning: statement with no effect [-Wunused-value]
  173 |         for(count;count<=3;count++){
      |         ^~~
arm-none-eabi-gcc -o "Keyboard.elf" @"objects.list"   -mcpu=cortex-m4 -T"C:\Users\lemon\STM32CubeIDE\workspace_1.17.0\Keyboard\STM32G474VETX_FLASH.ld" --specs=nosys.specs -Wl,-Map="Keyboard.map" -Wl,--gc-sections -static --specs=nano.specs -mfpu=fpv4-sp-d16 -mfloat-abi=hard -mthumb -Wl,--start-group -lc -lm -Wl,--end-group
Finished building target: Keyboard.elf
 
arm-none-eabi-size  Keyboard.elf 
arm-none-eabi-objdump -h -S Keyboard.elf  > "Keyboard.list"
   text	   data	    bss	    dec	    hex	filename
   7960	     32	   1728	   9720	   25f8	Keyboard.elf
Finished building: default.size.stdout
 
Finished building: Keyboard.list
 

09:35:59 Build Finished. 0 errors, 1 warnings. (took 1s.28ms)

