17:13:35 **** Incremental Build of configuration Debug for project pwm ****
make -j20 all 
arm-none-eabi-gcc "../Core/Src/main.c" -mcpu=cortex-m4 -std=gnu11 -g3 -DDEBUG -DUSE_HAL_DRIVER -DSTM32G474xx -c -I../Core/Inc -I../Drivers/STM32G4xx_HAL_Driver/Inc -I../Drivers/STM32G4xx_HAL_Driver/Inc/Legacy -I../Drivers/CMSIS/Device/ST/STM32G4xx/Include -I../Drivers/CMSIS/Include -O0 -ffunction-sections -fdata-sections -Wall -fstack-usage -fcyclomatic-complexity -MMD -MP -MF"Core/Src/main.d" -MT"Core/Src/main.o" --specs=nano.specs -mfpu=fpv4-sp-d16 -mfloat-abi=hard -mthumb -o "Core/Src/main.o"
arm-none-eabi-gcc -o "pwm.elf" @"objects.list"   -mcpu=cortex-m4 -T"C:\Users\lemon\STM32CubeIDE\workspace_1.17.0\pwm\STM32G474VETX_FLASH.ld" --specs=nosys.specs -Wl,-Map="pwm.map" -Wl,--gc-sections -static --specs=nano.specs -mfpu=fpv4-sp-d16 -mfloat-abi=hard -mthumb -Wl,--start-group -lc -lm -Wl,--end-group
Finished building target: pwm.elf
 
arm-none-eabi-size  pwm.elf 
arm-none-eabi-objdump -h -S pwm.elf  > "pwm.list"
   text	   data	    bss	    dec	    hex	filename
  10288	     12	   1644	  11944	   2ea8	pwm.elf
Finished building: default.size.stdout
 
Finished building: pwm.list
 

17:13:36 Build Finished. 0 errors, 0 warnings. (took 923ms)

